
Memory Configuration

Name             Origin             Length             Attributes
flash            0x00000000         0x00004000
ram              0x10000000         0x00001000
*default*        0x00000000         0xffffffff

Linker script and memory map

LOAD init.o
LOAD main.o
LOAD /usr/local/gcc-arm-none-eabi/lib/gcc/arm-none-eabi/4.8.3/armv6-m/libgcc.a
                0x00000000                . = ORIGIN (flash)

.text           0x00000000      0x1f4
 *(.vectors)
 .vectors       0x00000000       0xb4 init.o
                0x00000000                Vectors
 *(.text)
 .text          0x000000b4       0xcc init.o
                0x000000b4                clock_init
                0x00000100                init
                0x00000178                Default_Handler
 .text          0x00000180       0x74 main.o
                0x00000180                ConfigPins
                0x000001a8                delay
                0x000001c4                main

.glue_7         0x000001f4        0x0
 .glue_7        0x00000000        0x0 linker stubs

.glue_7t        0x000001f4        0x0
 .glue_7t       0x00000000        0x0 linker stubs

.vfp11_veneer   0x000001f4        0x0
 .vfp11_veneer  0x00000000        0x0 linker stubs

.v4_bx          0x000001f4        0x0
 .v4_bx         0x00000000        0x0 linker stubs

.iplt           0x000001f4        0x0
 .iplt          0x00000000        0x0 init.o

.rel.dyn        0x000001f4        0x0
 .rel.iplt      0x00000000        0x0 init.o
                0x10000000                . = ORIGIN (ram)

.data           0x10000000        0x0 load address 0x000001f4
                0x000001f4                INIT_DATA_VALUES = LOADADDR (.data)
                0x10000000                INIT_DATA_START = .
 *(.data)
 .data          0x10000000        0x0 init.o
 .data          0x10000000        0x0 main.o
                0x10000000                INIT_DATA_END = .
                0x10000000                BSS_START = .

.igot.plt       0x10000000        0x0 load address 0x000001f4
 .igot.plt      0x00000000        0x0 init.o

.bss            0x10000000        0x0 load address 0x000001f4
 *(.bss)
 .bss           0x10000000        0x0 init.o
 .bss           0x10000000        0x0 main.o
                0x10000000                BSS_END = .
OUTPUT(main.elf elf32-littlearm)

.debug_info     0x00000000      0x190
 .debug_info    0x00000000      0x116 init.o
 .debug_info    0x00000116       0x7a main.o

.debug_abbrev   0x00000000      0x167
 .debug_abbrev  0x00000000       0xe8 init.o
 .debug_abbrev  0x000000e8       0x7f main.o

.debug_aranges  0x00000000       0x40
 .debug_aranges
                0x00000000       0x20 init.o
 .debug_aranges
                0x00000020       0x20 main.o

.debug_line     0x00000000       0xb7
 .debug_line    0x00000000       0x5b init.o
 .debug_line    0x0000005b       0x5c main.o

.debug_str      0x00000000      0x149
 .debug_str     0x00000000      0x131 init.o
                                0x136 (size before relaxing)
 .debug_str     0x00000131       0x18 main.o
                                 0xc3 (size before relaxing)

.comment        0x00000000       0x70
 .comment       0x00000000       0x70 init.o
                                 0x71 (size before relaxing)
 .comment       0x00000000       0x71 main.o

.ARM.attributes
                0x00000000       0x31
 .ARM.attributes
                0x00000000       0x31 init.o
 .ARM.attributes
                0x00000031       0x31 main.o

.debug_frame    0x00000000       0xd0
 .debug_frame   0x00000000       0x68 init.o
 .debug_frame   0x00000068       0x68 main.o

Cross Reference Table

Symbol                                            File
BSS_END                                           init.o
BSS_START                                         init.o
ConfigPins                                        main.o
Default_Handler                                   init.o
INIT_DATA_END                                     init.o
INIT_DATA_START                                   init.o
INIT_DATA_VALUES                                  init.o
Vectors                                           init.o
clock_init                                        init.o
delay                                             main.o
init                                              init.o
main                                              main.o
                                                  init.o
